TypeError: next is not a function
    at model.<anonymous> (E:\lead\backend\models\User.js:20:5)
    at async Kareem.execPre (E:\lead\backend\node_modules\kareem\index.js:70:24)
    at async model.$__save (E:\lead\backend\node_modules\mongoose\lib\model.js:376:5)
    at async model.save (E:\lead\backend\node_modules\mongoose\lib\model.js:642:5)
    at async E:\lead\backend\node_modules\mongoose\lib\model.js:2778:9
    at async Promise.all (index 0)
    at async Function.create (E:\lead\backend\node_modules\mongoose\lib\model.js:2763:11)
    at async seedUsers (E:\lead\backend\seed.js:16:9)